
=== Agent benchmark: thefuck @ /Users/xxvirusxx/PY/CodegraphTACM/thefuck ===
  Conditions: ['bm25', 'minilm', 'codesearch', 'hybrid', 'hybrid-cs', 'tacm', 'tacm-full', 'tacm-dyn', 'tacm-dyn-l4']
  Seeds: [42, 1, 2]  Budget: 4000  MaxBugs: 200
  Skipped 4 tasks: no GT extracted from patch
  Dataset filter: 23 allowed bug IDs from bugsinpy_code_grounded_benchmark_ready.jsonl
  Tasks: 23
  Building LayeredGraph... ok
  Building MiniLM index... ok
  Building CodeSearch index... ok
  [1/621] thefuck-1 | bm25 | seed=42 ... fail (5 steps, 23K tok, 11s)
  [2/621] thefuck-1 | bm25 | seed=1 ... fail (5 steps, 23K tok, 8s)
  [3/621] thefuck-1 | bm25 | seed=2 ... fail (5 steps, 24K tok, 17s)
  [4/621] thefuck-1 | minilm | seed=42 ... fail (5 steps, 21K tok, 9s)
  [5/621] thefuck-1 | minilm | seed=1 ... fail (5 steps, 21K tok, 9s)
  [6/621] thefuck-1 | minilm | seed=2 ... PASS (5 steps, 21K tok, 14s)
  [7/621] thefuck-1 | codesearch | seed=42 ... fail (5 steps, 21K tok, 11s)
  [8/621] thefuck-1 | codesearch | seed=1 ... fail (5 steps, 21K tok, 12s)
  [9/621] thefuck-1 | codesearch | seed=2 ... PASS (5 steps, 21K tok, 17s)
  [10/621] thefuck-1 | hybrid | seed=42 ... PASS (5 steps, 24K tok, 18s)
  [11/621] thefuck-1 | hybrid | seed=1 ... fail (5 steps, 24K tok, 11s)
  [12/621] thefuck-1 | hybrid | seed=2 ... fail (5 steps, 24K tok, 12s)
  [13/621] thefuck-1 | hybrid-cs | seed=42 ... fail (5 steps, 23K tok, 13s)
  [14/621] thefuck-1 | hybrid-cs | seed=1 ... fail (5 steps, 23K tok, 11s)
  [15/621] thefuck-1 | hybrid-cs | seed=2 ... fail (5 steps, 23K tok, 10s)
  [16/621] thefuck-1 | tacm | seed=42 ... PASS (5 steps, 20K tok, 17s)
  [17/621] thefuck-1 | tacm | seed=1 ... fail (5 steps, 20K tok, 14s)
  [18/621] thefuck-1 | tacm | seed=2 ... fail (5 steps, 20K tok, 13s)
  [19/621] thefuck-1 | tacm-full | seed=42 ... fail (5 steps, 20K tok, 10s)
  [20/621] thefuck-1 | tacm-full | seed=1 ... fail (5 steps, 20K tok, 10s)
  [21/621] thefuck-1 | tacm-full | seed=2 ... fail (5 steps, 21K tok, 11s)
  [22/621] thefuck-1 | tacm-dyn | seed=42 ... fail (5 steps, 20K tok, 9s)
  [23/621] thefuck-1 | tacm-dyn | seed=1 ... fail (5 steps, 20K tok, 9s)
  [24/621] thefuck-1 | tacm-dyn | seed=2 ... fail (5 steps, 20K tok, 10s)
  [25/621] thefuck-1 | tacm-dyn-l4 | seed=42 ... fail (5 steps, 20K tok, 10s)
  [26/621] thefuck-1 | tacm-dyn-l4 | seed=1 ... fail (5 steps, 21K tok, 9s)
  [27/621] thefuck-1 | tacm-dyn-l4 | seed=2 ... fail (5 steps, 21K tok, 10s)
  [28/621] thefuck-3 | bm25 | seed=42 ... PASS (5 steps, 21K tok, 13s)
  [29/621] thefuck-3 | bm25 | seed=1 ... fail (5 steps, 22K tok, 11s)
  [30/621] thefuck-3 | bm25 | seed=2 ... PASS (5 steps, 21K tok, 13s)
  [31/621] thefuck-3 | minilm | seed=42 ... fail (5 steps, 22K tok, 9s)
  [32/621] thefuck-3 | minilm | seed=1 ... fail (5 steps, 22K tok, 30s)
  [33/621] thefuck-3 | minilm | seed=2 ... PASS (5 steps, 22K tok, 32s)
  [34/621] thefuck-3 | codesearch | seed=42 ... fail (5 steps, 21K tok, 11s)
  [35/621] thefuck-3 | codesearch | seed=1 ... fail (5 steps, 21K tok, 10s)
  [36/621] thefuck-3 | codesearch | seed=2 ... fail (5 steps, 21K tok, 9s)
  [37/621] thefuck-3 | hybrid | seed=42 ... PASS (2 steps, 9K tok, 16s)
  [38/621] thefuck-3 | hybrid | seed=1 ... fail (5 steps, 22K tok, 18s)
  [39/621] thefuck-3 | hybrid | seed=2 ... PASS (5 steps, 22K tok, 22s)
  [40/621] thefuck-3 | hybrid-cs | seed=42 ... fail (5 steps, 22K tok, 14s)
  [41/621] thefuck-3 | hybrid-cs | seed=1 ... fail (5 steps, 23K tok, 26s)
  [42/621] thefuck-3 | hybrid-cs | seed=2 ... fail (5 steps, 22K tok, 17s)
  [43/621] thefuck-3 | tacm | seed=42 ... fail (5 steps, 21K tok, 14s)
  [44/621] thefuck-3 | tacm | seed=1 ... fail (5 steps, 21K tok, 11s)
  [45/621] thefuck-3 | tacm | seed=2 ... fail (5 steps, 21K tok, 18s)
  [46/621] thefuck-3 | tacm-full | seed=42 ... fail (5 steps, 21K tok, 22s)
  [47/621] thefuck-3 | tacm-full | seed=1 ... fail (5 steps, 21K tok, 14s)
  [48/621] thefuck-3 | tacm-full | seed=2 ... 